ðŸŒŸ This was machine generated.  Do not edit. ðŸŒŸ

Frame[0] {
    "executedQueryString": "Expr: up(ALERTS)\nStep: 42s"
}
Name: {level="info", location="moon", protocol="http"}
Dimensions: 2 Fields by 2 Rows
+---------------------------------+--------------------------------------------------+
| Name: Time                      | Name: Value                                      |
| Labels:                         | Labels: level=info, location=moon, protocol=http |
| Type: []time.Time               | Type: []float64                                  |
+---------------------------------+--------------------------------------------------+
| 2022-01-24 10:53:31.9 +0000 UTC | +Inf                                             |
| 2022-01-24 10:58:31.9 +0000 UTC | -Inf                                             |
+---------------------------------+--------------------------------------------------+


====== TEST DATA RESPONSE (arrow base64) ======
FRAME=QVJST1cxAAD/////6AIAABAAAAAAAAoADgAMAAsABAAKAAAAFAAAAAAAAAEEAAoADAAAAAgABAAKAAAACAAAANgAAAADAAAAfAAAACgAAAAEAAAAtP3//wgAAAAMAAAAAAAAAAAAAAAFAAAAcmVmSWQAAADU/f//CAAAADwAAAAwAAAAe2xldmVsPSJpbmZvIiwgbG9jYXRpb249Im1vb24iLCBwcm90b2NvbD0iaHR0cCJ9AAAAAAQAAABuYW1lAAAAACT+//8IAAAAQAAAADUAAAB7ImV4ZWN1dGVkUXVlcnlTdHJpbmciOiJFeHByOiB1cChBTEVSVFMpXG5TdGVwOiA0MnMifQAAAAQAAABtZXRhAAAAAAIAAAA8AQAABAAAAN7+//8UAAAABAEAAAQBAAAAAAADBAEAAAMAAACEAAAALAAAAAQAAACs/v//CAAAABAAAAAFAAAAVmFsdWUAAAAEAAAAbmFtZQAAAADQ/v//CAAAAEAAAAA0AAAAeyJsZXZlbCI6ImluZm8iLCJsb2NhdGlvbiI6Im1vb24iLCJwcm90b2NvbCI6Imh0dHAifQAAAAAGAAAAbGFiZWxzAAAk////CAAAAFgAAABOAAAAeyJkaXNwbGF5TmFtZUZyb21EUyI6IntsZXZlbD1cImluZm9cIiwgbG9jYXRpb249XCJtb29uXCIsIHByb3RvY29sPVwiaHR0cFwifSJ9AAAGAAAAY29uZmlnAAAAAAAAVv///wAAAgAFAAAAVmFsdWUAEgAYABQAAAATAAwAAAAIAAQAEgAAABQAAAB4AAAAgAAAAAAAAAqAAAAAAgAAADQAAAAEAAAA3P///wgAAAAQAAAABAAAAFRpbWUAAAAABAAAAG5hbWUAAAAACAAMAAgABAAIAAAACAAAABwAAAASAAAAeyJpbnRlcnZhbCI6NDIwMDB9AAAGAAAAY29uZmlnAAAAAAAAAAAGAAgABgAGAAAAAAADAAQAAABUaW1lAAAAAP////+4AAAAFAAAAAAAAAAMABYAFAATAAwABAAMAAAAIAAAAAAAAAAUAAAAAAAAAwQACgAYAAwACAAEAAoAAAAUAAAAWAAAAAIAAAAAAAAAAAAAAAQAAAAAAAAAAAAAAAAAAAAAAAAAAAAAAAAAAAAQAAAAAAAAABAAAAAAAAAAAAAAAAAAAAAQAAAAAAAAABAAAAAAAAAAAAAAAAIAAAACAAAAAAAAAAAAAAAAAAAAAgAAAAAAAAAAAAAAAAAAAADXlm9zL80WAI/7SLkvzRYAAAAAAADwfwAAAAAAAPD/EAAAAAwAFAASAAwACAAEAAwAAAAQAAAALAAAADwAAAAAAAQAAQAAAPgCAAAAAAAAwAAAAAAAAAAgAAAAAAAAAAAAAAAAAAAAAAAAAAAACgAMAAAACAAEAAoAAAAIAAAA2AAAAAMAAAB8AAAAKAAAAAQAAAC0/f//CAAAAAwAAAAAAAAAAAAAAAUAAAByZWZJZAAAANT9//8IAAAAPAAAADAAAAB7bGV2ZWw9ImluZm8iLCBsb2NhdGlvbj0ibW9vbiIsIHByb3RvY29sPSJodHRwIn0AAAAABAAAAG5hbWUAAAAAJP7//wgAAABAAAAANQAAAHsiZXhlY3V0ZWRRdWVyeVN0cmluZyI6IkV4cHI6IHVwKEFMRVJUUylcblN0ZXA6IDQycyJ9AAAABAAAAG1ldGEAAAAAAgAAADwBAAAEAAAA3v7//xQAAAAEAQAABAEAAAAAAAMEAQAAAwAAAIQAAAAsAAAABAAAAKz+//8IAAAAEAAAAAUAAABWYWx1ZQAAAAQAAABuYW1lAAAAAND+//8IAAAAQAAAADQAAAB7ImxldmVsIjoiaW5mbyIsImxvY2F0aW9uIjoibW9vbiIsInByb3RvY29sIjoiaHR0cCJ9AAAAAAYAAABsYWJlbHMAACT///8IAAAAWAAAAE4AAAB7ImRpc3BsYXlOYW1lRnJvbURTIjoie2xldmVsPVwiaW5mb1wiLCBsb2NhdGlvbj1cIm1vb25cIiwgcHJvdG9jb2w9XCJodHRwXCJ9In0AAAYAAABjb25maWcAAAAAAABW////AAACAAUAAABWYWx1ZQASABgAFAAAABMADAAAAAgABAASAAAAFAAAAHgAAACAAAAAAAAACoAAAAACAAAANAAAAAQAAADc////CAAAABAAAAAEAAAAVGltZQAAAAAEAAAAbmFtZQAAAAAIAAwACAAEAAgAAAAIAAAAHAAAABIAAAB7ImludGVydmFsIjo0MjAwMH0AAAYAAABjb25maWcAAAAAAAAAAAYACAAGAAYAAAAAAAMABAAAAFRpbWUAAAAAGAMAAEFSUk9XMQ==
